1 ................ chatroom not found
2 ................ chatroom access denied